[dotenv@17.2.3] injecting env (3) from .env -- tip: ≡ƒæÑ sync secrets across teammates & machines: https://dotenvx.com/ops
DEBUG: pdf-parse import type: object
DEBUG: pdf-parse keys: [
  'AbortException',
  'FormatError',
  'InvalidPDFException',
  'Line',
  'LineDirection',
  'LineStore',
  'PDFParse',
  'PasswordException',
  'Point',
  'Rectangle',
  'ResponseException',
  'Shape',
  'Table',
  'UnknownErrorException',
  'VerbosityLevel',
  'getException'
]
Testing extraction on: D:\Projects\IntelliHire AI\backend\temp_69710ace585a4cef322c2aee_AI_intern_resume.pdf
node : Text extraction failed: TypeError: pdf is not a 
function
At line:1 char:1
+ node test_parser.js > test_output.txt 2>&1
+ ~~~~~~~~~~~~~~~~~~~~~~~~~~~~~~~~~~~~~~~~~~
    + CategoryInfo          : NotSpecified: (Text extr 
   action... not a function:String) [], RemoteExcepti  
  on
    + FullyQualifiedErrorId : NativeCommandError
 
    at extractTextFromFile (file:///D:/Projects/Intelli
Hire%20AI/backend/utils/parser.js:17:32)
    at async run (file:///D:/Projects/IntelliHire%20AI/
backend/test_parser.js:17:22)
Test Failed: Error: Failed to extract text: pdf is not 
a function
    at extractTextFromFile (file:///D:/Projects/Intelli
Hire%20AI/backend/utils/parser.js:32:15)
    at async run (file:///D:/Projects/IntelliHire%20AI/
backend/test_parser.js:17:22)
